// Jest Snapshot v1, https://goo.gl/fbAQLP

exports[`Home renders a heading 1`] = `
<div>
  <header />
  <div
    class=""
    id="containerContent"
  >
    <div>
      <h1>
        Welcome To Next.js
      </h1>
    </div>
  </div>
  <footer />
</div>
`;
